// Jest Snapshot v1, https://goo.gl/fbAQLP

exports[`AfterPay methods Authorize 1`] = `
[
  {
    "channel": "Web",
    "data": {
      "AmountDebit": 100.3,
      "ClientIP": {
        "address": "203.0.113.10",
        "type": 0,
      },
      "Currency": "EUR",
      "Description": "Buckaroo Node SDK Test Transaction",
      "Invoice": "64752550bf1f40",
      "Order": "64752550bf1f40",
      "PushURL": "https://example.com/push",
      "ReturnURL": "https://example.com/return",
      "Services": {
        "ServiceList": [
          {
            "Action": "Authorize",
            "Name": "afterpay",
            "Parameters": [
              {
                "GroupType": "ShippingCustomer",
                "Name": "BirthDate",
                "Value": "01-01-1990",
              },
              {
                "GroupType": "ShippingCustomer",
                "Name": "Category",
                "Value": "PERSON",
              },
              {
                "GroupType": "ShippingCustomer",
                "Name": "FirstName",
                "Value": "John",
              },
              {
                "GroupType": "ShippingCustomer",
                "Name": "LastName",
                "Value": "Doe",
              },
              {
                "GroupType": "ShippingCustomer",
                "Name": "CustomerNumber",
                "Value": "64752550bf1f40",
              },
              {
                "GroupType": "ShippingCustomer",
                "Name": "Street",
                "Value": "Hoftstraat",
              },
              {
                "GroupType": "ShippingCustomer",
                "Name": "StreetNumber",
                "Value": "123",
              },
              {
                "GroupType": "ShippingCustomer",
                "Name": "StreetNumberAdditional",
                "Value": "A",
              },
              {
                "GroupType": "ShippingCustomer",
                "Name": "PostalCode",
                "Value": "1015CJ",
              },
              {
                "GroupType": "ShippingCustomer",
                "Name": "City",
                "Value": "Amsterdam",
              },
              {
                "GroupType": "ShippingCustomer",
                "Name": "Country",
                "Value": "NL",
              },
              {
                "GroupType": "ShippingCustomer",
                "Name": "Email",
                "Value": "shipping@buckaroo.nl",
              },
              {
                "GroupType": "BillingCustomer",
                "Name": "BirthDate",
                "Value": "01-01-1990",
              },
              {
                "GroupType": "BillingCustomer",
                "Name": "Category",
                "Value": "PERSON",
              },
              {
                "GroupType": "BillingCustomer",
                "Name": "FirstName",
                "Value": "John",
              },
              {
                "GroupType": "BillingCustomer",
                "Name": "LastName",
                "Value": "Doe",
              },
              {
                "GroupType": "BillingCustomer",
                "Name": "CustomerNumber",
                "Value": "64752550bf1f40",
              },
              {
                "GroupType": "BillingCustomer",
                "Name": "Street",
                "Value": "Hoftstraat",
              },
              {
                "GroupType": "BillingCustomer",
                "Name": "StreetNumber",
                "Value": "123",
              },
              {
                "GroupType": "BillingCustomer",
                "Name": "StreetNumberAdditional",
                "Value": "A",
              },
              {
                "GroupType": "BillingCustomer",
                "Name": "PostalCode",
                "Value": "1015CJ",
              },
              {
                "GroupType": "BillingCustomer",
                "Name": "City",
                "Value": "Amsterdam",
              },
              {
                "GroupType": "BillingCustomer",
                "Name": "Country",
                "Value": "NL",
              },
              {
                "GroupType": "BillingCustomer",
                "Name": "Email",
                "Value": "test@buckaroo.nl",
              },
              {
                "GroupType": "BillingCustomer",
                "Name": "Phone",
                "Value": "0201234567",
              },
              {
                "GroupType": "BillingCustomer",
                "Name": "MobilePhone",
                "Value": "0612345678",
              },
              {
                "GroupID": 1,
                "GroupType": "Article",
                "Name": "Identifier",
                "Value": "ABC123",
              },
              {
                "GroupID": 1,
                "GroupType": "Article",
                "Name": "GrossUnitPrice",
                "Value": 40.1,
              },
              {
                "GroupID": 1,
                "GroupType": "Article",
                "Name": "Quantity",
                "Value": 2,
              },
              {
                "GroupID": 1,
                "GroupType": "Article",
                "Name": "VatPercentage",
                "Value": 21,
              },
              {
                "GroupID": 1,
                "GroupType": "Article",
                "Name": "Description",
                "Value": "Test Product",
              },
              {
                "GroupID": 2,
                "GroupType": "Article",
                "Name": "Identifier",
                "Value": "DEF456",
              },
              {
                "GroupID": 2,
                "GroupType": "Article",
                "Name": "GrossUnitPrice",
                "Value": 20.1,
              },
              {
                "GroupID": 2,
                "GroupType": "Article",
                "Name": "Quantity",
                "Value": 1,
              },
              {
                "GroupID": 2,
                "GroupType": "Article",
                "Name": "VatPercentage",
                "Value": 21,
              },
              {
                "GroupID": 2,
                "GroupType": "Article",
                "Name": "Description",
                "Value": "Second Product",
              },
            ],
            "Version": 1,
          },
        ],
      },
      "ServicesSelectableByClient": "",
    },
    "method": "POST",
    "path": "/json/Transaction",
  },
]
`;

exports[`AfterPay methods CancelAuthorize 1`] = `
[
  {
    "channel": "Web",
    "data": {
      "AmountCredit": 100.3,
      "Currency": "EUR",
      "Description": "Buckaroo Node SDK Refund Transaction Test",
      "Invoice": "64752550bf1f40",
      "OriginalTransactionKey": "9CFEFC57074247DE92F7804246D1DD5D",
      "PushURL": "https://example.com/push",
      "ReturnURL": "https://example.com/return",
      "Services": {
        "ServiceList": [
          {
            "Action": "CancelAuthorize",
            "Name": "afterpay",
            "Version": 1,
          },
        ],
      },
      "ServicesSelectableByClient": "",
    },
    "method": "POST",
    "path": "/json/Transaction",
  },
]
`;

exports[`AfterPay methods Capture 1`] = `
[
  {
    "channel": "Web",
    "data": {
      "AmountDebit": 100.3,
      "ClientIP": {
        "address": "203.0.113.10",
        "type": 0,
      },
      "Currency": "EUR",
      "Description": "Buckaroo Node SDK Test Transaction",
      "Invoice": "64752550bf1f40",
      "Order": "64752550bf1f40",
      "OriginalTransactionKey": "CD1493C19B69488CB88EC6576DD1E928",
      "PushURL": "https://example.com/push",
      "ReturnURL": "https://example.com/return",
      "Services": {
        "ServiceList": [
          {
            "Action": "Capture",
            "Name": "afterpay",
            "Parameters": [
              {
                "GroupType": "ShippingCustomer",
                "Name": "BirthDate",
                "Value": "01-01-1990",
              },
              {
                "GroupType": "ShippingCustomer",
                "Name": "Category",
                "Value": "PERSON",
              },
              {
                "GroupType": "ShippingCustomer",
                "Name": "FirstName",
                "Value": "John",
              },
              {
                "GroupType": "ShippingCustomer",
                "Name": "LastName",
                "Value": "Doe",
              },
              {
                "GroupType": "ShippingCustomer",
                "Name": "CustomerNumber",
                "Value": "64752550bf1f40",
              },
              {
                "GroupType": "ShippingCustomer",
                "Name": "Street",
                "Value": "Hoftstraat",
              },
              {
                "GroupType": "ShippingCustomer",
                "Name": "StreetNumber",
                "Value": "123",
              },
              {
                "GroupType": "ShippingCustomer",
                "Name": "StreetNumberAdditional",
                "Value": "A",
              },
              {
                "GroupType": "ShippingCustomer",
                "Name": "PostalCode",
                "Value": "1015CJ",
              },
              {
                "GroupType": "ShippingCustomer",
                "Name": "City",
                "Value": "Amsterdam",
              },
              {
                "GroupType": "ShippingCustomer",
                "Name": "Country",
                "Value": "NL",
              },
              {
                "GroupType": "ShippingCustomer",
                "Name": "Email",
                "Value": "shipping@buckaroo.nl",
              },
              {
                "GroupType": "BillingCustomer",
                "Name": "BirthDate",
                "Value": "01-01-1990",
              },
              {
                "GroupType": "BillingCustomer",
                "Name": "Category",
                "Value": "PERSON",
              },
              {
                "GroupType": "BillingCustomer",
                "Name": "FirstName",
                "Value": "John",
              },
              {
                "GroupType": "BillingCustomer",
                "Name": "LastName",
                "Value": "Doe",
              },
              {
                "GroupType": "BillingCustomer",
                "Name": "CustomerNumber",
                "Value": "64752550bf1f40",
              },
              {
                "GroupType": "BillingCustomer",
                "Name": "Street",
                "Value": "Hoftstraat",
              },
              {
                "GroupType": "BillingCustomer",
                "Name": "StreetNumber",
                "Value": "123",
              },
              {
                "GroupType": "BillingCustomer",
                "Name": "StreetNumberAdditional",
                "Value": "A",
              },
              {
                "GroupType": "BillingCustomer",
                "Name": "PostalCode",
                "Value": "1015CJ",
              },
              {
                "GroupType": "BillingCustomer",
                "Name": "City",
                "Value": "Amsterdam",
              },
              {
                "GroupType": "BillingCustomer",
                "Name": "Country",
                "Value": "NL",
              },
              {
                "GroupType": "BillingCustomer",
                "Name": "Email",
                "Value": "test@buckaroo.nl",
              },
              {
                "GroupType": "BillingCustomer",
                "Name": "Phone",
                "Value": "0201234567",
              },
              {
                "GroupType": "BillingCustomer",
                "Name": "MobilePhone",
                "Value": "0612345678",
              },
              {
                "GroupID": 1,
                "GroupType": "Article",
                "Name": "Identifier",
                "Value": "ABC123",
              },
              {
                "GroupID": 1,
                "GroupType": "Article",
                "Name": "GrossUnitPrice",
                "Value": 40.1,
              },
              {
                "GroupID": 1,
                "GroupType": "Article",
                "Name": "Quantity",
                "Value": 2,
              },
              {
                "GroupID": 1,
                "GroupType": "Article",
                "Name": "VatPercentage",
                "Value": 21,
              },
              {
                "GroupID": 1,
                "GroupType": "Article",
                "Name": "Description",
                "Value": "Test Product",
              },
              {
                "GroupID": 2,
                "GroupType": "Article",
                "Name": "Identifier",
                "Value": "DEF456",
              },
              {
                "GroupID": 2,
                "GroupType": "Article",
                "Name": "GrossUnitPrice",
                "Value": 20.1,
              },
              {
                "GroupID": 2,
                "GroupType": "Article",
                "Name": "Quantity",
                "Value": 1,
              },
              {
                "GroupID": 2,
                "GroupType": "Article",
                "Name": "VatPercentage",
                "Value": 21,
              },
              {
                "GroupID": 2,
                "GroupType": "Article",
                "Name": "Description",
                "Value": "Second Product",
              },
            ],
            "Version": 1,
          },
        ],
      },
      "ServicesSelectableByClient": "",
    },
    "method": "POST",
    "path": "/json/Transaction",
  },
]
`;

exports[`AfterPay methods Pay 1`] = `
[
  {
    "channel": "Web",
    "data": {
      "AmountDebit": 100.3,
      "ClientIP": {
        "address": "203.0.113.10",
        "type": 0,
      },
      "Currency": "EUR",
      "Description": "Buckaroo Node SDK Test Transaction",
      "Invoice": "64752550bf1f40",
      "Order": "64752550bf1f40",
      "PushURL": "https://example.com/push",
      "ReturnURL": "https://example.com/return",
      "Services": {
        "ServiceList": [
          {
            "Action": "Pay",
            "Name": "afterpay",
            "Parameters": [
              {
                "GroupType": "ShippingCustomer",
                "Name": "BirthDate",
                "Value": "01-01-1990",
              },
              {
                "GroupType": "ShippingCustomer",
                "Name": "Category",
                "Value": "PERSON",
              },
              {
                "GroupType": "ShippingCustomer",
                "Name": "FirstName",
                "Value": "John",
              },
              {
                "GroupType": "ShippingCustomer",
                "Name": "LastName",
                "Value": "Doe",
              },
              {
                "GroupType": "ShippingCustomer",
                "Name": "CustomerNumber",
                "Value": "64752550bf1f40",
              },
              {
                "GroupType": "ShippingCustomer",
                "Name": "Street",
                "Value": "Hoftstraat",
              },
              {
                "GroupType": "ShippingCustomer",
                "Name": "StreetNumber",
                "Value": "123",
              },
              {
                "GroupType": "ShippingCustomer",
                "Name": "StreetNumberAdditional",
                "Value": "A",
              },
              {
                "GroupType": "ShippingCustomer",
                "Name": "PostalCode",
                "Value": "1015CJ",
              },
              {
                "GroupType": "ShippingCustomer",
                "Name": "City",
                "Value": "Amsterdam",
              },
              {
                "GroupType": "ShippingCustomer",
                "Name": "Country",
                "Value": "NL",
              },
              {
                "GroupType": "ShippingCustomer",
                "Name": "Email",
                "Value": "shipping@buckaroo.nl",
              },
              {
                "GroupType": "BillingCustomer",
                "Name": "BirthDate",
                "Value": "01-01-1990",
              },
              {
                "GroupType": "BillingCustomer",
                "Name": "Category",
                "Value": "PERSON",
              },
              {
                "GroupType": "BillingCustomer",
                "Name": "FirstName",
                "Value": "John",
              },
              {
                "GroupType": "BillingCustomer",
                "Name": "LastName",
                "Value": "Doe",
              },
              {
                "GroupType": "BillingCustomer",
                "Name": "CustomerNumber",
                "Value": "64752550bf1f40",
              },
              {
                "GroupType": "BillingCustomer",
                "Name": "Street",
                "Value": "Hoftstraat",
              },
              {
                "GroupType": "BillingCustomer",
                "Name": "StreetNumber",
                "Value": "123",
              },
              {
                "GroupType": "BillingCustomer",
                "Name": "StreetNumberAdditional",
                "Value": "A",
              },
              {
                "GroupType": "BillingCustomer",
                "Name": "PostalCode",
                "Value": "1015CJ",
              },
              {
                "GroupType": "BillingCustomer",
                "Name": "City",
                "Value": "Amsterdam",
              },
              {
                "GroupType": "BillingCustomer",
                "Name": "Country",
                "Value": "NL",
              },
              {
                "GroupType": "BillingCustomer",
                "Name": "Email",
                "Value": "test@buckaroo.nl",
              },
              {
                "GroupType": "BillingCustomer",
                "Name": "Phone",
                "Value": "0201234567",
              },
              {
                "GroupType": "BillingCustomer",
                "Name": "MobilePhone",
                "Value": "0612345678",
              },
              {
                "GroupID": 1,
                "GroupType": "Article",
                "Name": "Identifier",
                "Value": "ABC123",
              },
              {
                "GroupID": 1,
                "GroupType": "Article",
                "Name": "GrossUnitPrice",
                "Value": 40.1,
              },
              {
                "GroupID": 1,
                "GroupType": "Article",
                "Name": "Quantity",
                "Value": 2,
              },
              {
                "GroupID": 1,
                "GroupType": "Article",
                "Name": "VatPercentage",
                "Value": 21,
              },
              {
                "GroupID": 1,
                "GroupType": "Article",
                "Name": "Description",
                "Value": "Test Product",
              },
              {
                "GroupID": 2,
                "GroupType": "Article",
                "Name": "Identifier",
                "Value": "DEF456",
              },
              {
                "GroupID": 2,
                "GroupType": "Article",
                "Name": "GrossUnitPrice",
                "Value": 20.1,
              },
              {
                "GroupID": 2,
                "GroupType": "Article",
                "Name": "Quantity",
                "Value": 1,
              },
              {
                "GroupID": 2,
                "GroupType": "Article",
                "Name": "VatPercentage",
                "Value": 21,
              },
              {
                "GroupID": 2,
                "GroupType": "Article",
                "Name": "Description",
                "Value": "Second Product",
              },
            ],
            "Version": 1,
          },
        ],
      },
      "ServicesSelectableByClient": "",
    },
    "method": "POST",
    "path": "/json/Transaction",
  },
]
`;

exports[`AfterPay methods Pay with Different Version 1`] = `
[
  {
    "channel": "Web",
    "data": {
      "AmountDebit": 100.3,
      "ClientIP": {
        "address": "203.0.113.10",
        "type": 0,
      },
      "Currency": "EUR",
      "Description": "Buckaroo Node SDK Test Transaction",
      "Invoice": "64752550bf1f40",
      "Order": "64752550bf1f40",
      "PushURL": "https://example.com/push",
      "ReturnURL": "https://example.com/return",
      "Services": {
        "ServiceList": [
          {
            "Action": "Pay",
            "Name": "afterpay",
            "Parameters": [
              {
                "GroupType": "ShippingCustomer",
                "Name": "BirthDate",
                "Value": "01-01-1990",
              },
              {
                "GroupType": "ShippingCustomer",
                "Name": "Category",
                "Value": "PERSON",
              },
              {
                "GroupType": "ShippingCustomer",
                "Name": "FirstName",
                "Value": "John",
              },
              {
                "GroupType": "ShippingCustomer",
                "Name": "LastName",
                "Value": "Doe",
              },
              {
                "GroupType": "ShippingCustomer",
                "Name": "CustomerNumber",
                "Value": "64752550bf1f40",
              },
              {
                "GroupType": "ShippingCustomer",
                "Name": "Street",
                "Value": "Hoftstraat",
              },
              {
                "GroupType": "ShippingCustomer",
                "Name": "StreetNumber",
                "Value": "123",
              },
              {
                "GroupType": "ShippingCustomer",
                "Name": "StreetNumberAdditional",
                "Value": "A",
              },
              {
                "GroupType": "ShippingCustomer",
                "Name": "PostalCode",
                "Value": "1015CJ",
              },
              {
                "GroupType": "ShippingCustomer",
                "Name": "City",
                "Value": "Amsterdam",
              },
              {
                "GroupType": "ShippingCustomer",
                "Name": "Country",
                "Value": "NL",
              },
              {
                "GroupType": "ShippingCustomer",
                "Name": "Email",
                "Value": "shipping@buckaroo.nl",
              },
              {
                "GroupType": "BillingCustomer",
                "Name": "BirthDate",
                "Value": "01-01-1990",
              },
              {
                "GroupType": "BillingCustomer",
                "Name": "Category",
                "Value": "PERSON",
              },
              {
                "GroupType": "BillingCustomer",
                "Name": "FirstName",
                "Value": "John",
              },
              {
                "GroupType": "BillingCustomer",
                "Name": "LastName",
                "Value": "Doe",
              },
              {
                "GroupType": "BillingCustomer",
                "Name": "CustomerNumber",
                "Value": "64752550bf1f40",
              },
              {
                "GroupType": "BillingCustomer",
                "Name": "Street",
                "Value": "Hoftstraat",
              },
              {
                "GroupType": "BillingCustomer",
                "Name": "StreetNumber",
                "Value": "123",
              },
              {
                "GroupType": "BillingCustomer",
                "Name": "StreetNumberAdditional",
                "Value": "A",
              },
              {
                "GroupType": "BillingCustomer",
                "Name": "PostalCode",
                "Value": "1015CJ",
              },
              {
                "GroupType": "BillingCustomer",
                "Name": "City",
                "Value": "Amsterdam",
              },
              {
                "GroupType": "BillingCustomer",
                "Name": "Country",
                "Value": "NL",
              },
              {
                "GroupType": "BillingCustomer",
                "Name": "Email",
                "Value": "test@buckaroo.nl",
              },
              {
                "GroupType": "BillingCustomer",
                "Name": "Phone",
                "Value": "0201234567",
              },
              {
                "GroupType": "BillingCustomer",
                "Name": "MobilePhone",
                "Value": "0612345678",
              },
              {
                "GroupID": 1,
                "GroupType": "Article",
                "Name": "Identifier",
                "Value": "ABC123",
              },
              {
                "GroupID": 1,
                "GroupType": "Article",
                "Name": "GrossUnitPrice",
                "Value": 40.1,
              },
              {
                "GroupID": 1,
                "GroupType": "Article",
                "Name": "Quantity",
                "Value": 2,
              },
              {
                "GroupID": 1,
                "GroupType": "Article",
                "Name": "VatPercentage",
                "Value": 21,
              },
              {
                "GroupID": 1,
                "GroupType": "Article",
                "Name": "Description",
                "Value": "Test Product",
              },
              {
                "GroupID": 2,
                "GroupType": "Article",
                "Name": "Identifier",
                "Value": "DEF456",
              },
              {
                "GroupID": 2,
                "GroupType": "Article",
                "Name": "GrossUnitPrice",
                "Value": 20.1,
              },
              {
                "GroupID": 2,
                "GroupType": "Article",
                "Name": "Quantity",
                "Value": 1,
              },
              {
                "GroupID": 2,
                "GroupType": "Article",
                "Name": "VatPercentage",
                "Value": 21,
              },
              {
                "GroupID": 2,
                "GroupType": "Article",
                "Name": "Description",
                "Value": "Second Product",
              },
            ],
            "Version": 2,
          },
        ],
      },
      "ServicesSelectableByClient": "",
    },
    "method": "POST",
    "path": "/json/Transaction",
  },
]
`;

exports[`AfterPay methods Refund 1`] = `
[
  {
    "channel": "Web",
    "data": {
      "AmountCredit": 100.3,
      "Currency": "EUR",
      "Description": "Buckaroo Node SDK Refund Transaction Test",
      "Invoice": "64752550bf1f40",
      "OriginalTransactionKey": "4D2D8ABD5EA14E908F855BC7A8B10735",
      "PushURL": "https://example.com/push",
      "ReturnURL": "https://example.com/return",
      "Services": {
        "ServiceList": [
          {
            "Action": "Refund",
            "Name": "afterpay",
            "Parameters": [],
            "Version": 1,
          },
        ],
      },
      "ServicesSelectableByClient": "",
    },
    "method": "POST",
    "path": "/json/Transaction",
  },
]
`;

exports[`authorizeRemainder builds the AuthorizeRemainder request 1`] = `
[
  {
    "channel": "Web",
    "data": {
      "AmountDebit": 100.3,
      "ClientIP": {
        "address": "203.0.113.10",
        "type": 0,
      },
      "Currency": "EUR",
      "Description": "Buckaroo Node SDK Test Transaction",
      "Invoice": "64752550bf1f40",
      "Order": "64752550bf1f40",
      "PushURL": "https://example.com/push",
      "ReturnURL": "https://example.com/return",
      "Services": {
        "ServiceList": [
          {
            "Action": "AuthorizeRemainder",
            "Name": "afterpay",
            "Parameters": [
              {
                "GroupType": "ShippingCustomer",
                "Name": "BirthDate",
                "Value": "01-01-1990",
              },
              {
                "GroupType": "ShippingCustomer",
                "Name": "Category",
                "Value": "PERSON",
              },
              {
                "GroupType": "ShippingCustomer",
                "Name": "FirstName",
                "Value": "John",
              },
              {
                "GroupType": "ShippingCustomer",
                "Name": "LastName",
                "Value": "Doe",
              },
              {
                "GroupType": "ShippingCustomer",
                "Name": "CustomerNumber",
                "Value": "64752550bf1f40",
              },
              {
                "GroupType": "ShippingCustomer",
                "Name": "Street",
                "Value": "Hoftstraat",
              },
              {
                "GroupType": "ShippingCustomer",
                "Name": "StreetNumber",
                "Value": "123",
              },
              {
                "GroupType": "ShippingCustomer",
                "Name": "StreetNumberAdditional",
                "Value": "A",
              },
              {
                "GroupType": "ShippingCustomer",
                "Name": "PostalCode",
                "Value": "1015CJ",
              },
              {
                "GroupType": "ShippingCustomer",
                "Name": "City",
                "Value": "Amsterdam",
              },
              {
                "GroupType": "ShippingCustomer",
                "Name": "Country",
                "Value": "NL",
              },
              {
                "GroupType": "ShippingCustomer",
                "Name": "Email",
                "Value": "shipping@buckaroo.nl",
              },
              {
                "GroupType": "BillingCustomer",
                "Name": "BirthDate",
                "Value": "01-01-1990",
              },
              {
                "GroupType": "BillingCustomer",
                "Name": "Category",
                "Value": "PERSON",
              },
              {
                "GroupType": "BillingCustomer",
                "Name": "FirstName",
                "Value": "John",
              },
              {
                "GroupType": "BillingCustomer",
                "Name": "LastName",
                "Value": "Doe",
              },
              {
                "GroupType": "BillingCustomer",
                "Name": "CustomerNumber",
                "Value": "64752550bf1f40",
              },
              {
                "GroupType": "BillingCustomer",
                "Name": "Street",
                "Value": "Hoftstraat",
              },
              {
                "GroupType": "BillingCustomer",
                "Name": "StreetNumber",
                "Value": "123",
              },
              {
                "GroupType": "BillingCustomer",
                "Name": "StreetNumberAdditional",
                "Value": "A",
              },
              {
                "GroupType": "BillingCustomer",
                "Name": "PostalCode",
                "Value": "1015CJ",
              },
              {
                "GroupType": "BillingCustomer",
                "Name": "City",
                "Value": "Amsterdam",
              },
              {
                "GroupType": "BillingCustomer",
                "Name": "Country",
                "Value": "NL",
              },
              {
                "GroupType": "BillingCustomer",
                "Name": "Email",
                "Value": "test@buckaroo.nl",
              },
              {
                "GroupType": "BillingCustomer",
                "Name": "Phone",
                "Value": "0201234567",
              },
              {
                "GroupType": "BillingCustomer",
                "Name": "MobilePhone",
                "Value": "0612345678",
              },
              {
                "GroupID": 1,
                "GroupType": "Article",
                "Name": "Identifier",
                "Value": "ABC123",
              },
              {
                "GroupID": 1,
                "GroupType": "Article",
                "Name": "GrossUnitPrice",
                "Value": 40.1,
              },
              {
                "GroupID": 1,
                "GroupType": "Article",
                "Name": "Quantity",
                "Value": 2,
              },
              {
                "GroupID": 1,
                "GroupType": "Article",
                "Name": "VatPercentage",
                "Value": 21,
              },
              {
                "GroupID": 1,
                "GroupType": "Article",
                "Name": "Description",
                "Value": "Test Product",
              },
              {
                "GroupID": 2,
                "GroupType": "Article",
                "Name": "Identifier",
                "Value": "DEF456",
              },
              {
                "GroupID": 2,
                "GroupType": "Article",
                "Name": "GrossUnitPrice",
                "Value": 20.1,
              },
              {
                "GroupID": 2,
                "GroupType": "Article",
                "Name": "Quantity",
                "Value": 1,
              },
              {
                "GroupID": 2,
                "GroupType": "Article",
                "Name": "VatPercentage",
                "Value": 21,
              },
              {
                "GroupID": 2,
                "GroupType": "Article",
                "Name": "Description",
                "Value": "Second Product",
              },
            ],
            "Version": 1,
          },
        ],
      },
      "ServicesSelectableByClient": "",
    },
    "method": "POST",
    "path": "/json/Transaction",
  },
]
`;

exports[`payRemainder builds the PayRemainder request 1`] = `
[
  {
    "channel": "Web",
    "data": {
      "AmountDebit": 100.3,
      "ClientIP": {
        "address": "203.0.113.10",
        "type": 0,
      },
      "Currency": "EUR",
      "Description": "Buckaroo Node SDK Test Transaction",
      "Invoice": "64752550bf1f40",
      "Order": "64752550bf1f40",
      "PushURL": "https://example.com/push",
      "ReturnURL": "https://example.com/return",
      "Services": {
        "ServiceList": [
          {
            "Action": "PayRemainder",
            "Name": "afterpay",
            "Parameters": [
              {
                "GroupType": "ShippingCustomer",
                "Name": "BirthDate",
                "Value": "01-01-1990",
              },
              {
                "GroupType": "ShippingCustomer",
                "Name": "Category",
                "Value": "PERSON",
              },
              {
                "GroupType": "ShippingCustomer",
                "Name": "FirstName",
                "Value": "John",
              },
              {
                "GroupType": "ShippingCustomer",
                "Name": "LastName",
                "Value": "Doe",
              },
              {
                "GroupType": "ShippingCustomer",
                "Name": "CustomerNumber",
                "Value": "64752550bf1f40",
              },
              {
                "GroupType": "ShippingCustomer",
                "Name": "Street",
                "Value": "Hoftstraat",
              },
              {
                "GroupType": "ShippingCustomer",
                "Name": "StreetNumber",
                "Value": "123",
              },
              {
                "GroupType": "ShippingCustomer",
                "Name": "StreetNumberAdditional",
                "Value": "A",
              },
              {
                "GroupType": "ShippingCustomer",
                "Name": "PostalCode",
                "Value": "1015CJ",
              },
              {
                "GroupType": "ShippingCustomer",
                "Name": "City",
                "Value": "Amsterdam",
              },
              {
                "GroupType": "ShippingCustomer",
                "Name": "Country",
                "Value": "NL",
              },
              {
                "GroupType": "ShippingCustomer",
                "Name": "Email",
                "Value": "shipping@buckaroo.nl",
              },
              {
                "GroupType": "BillingCustomer",
                "Name": "BirthDate",
                "Value": "01-01-1990",
              },
              {
                "GroupType": "BillingCustomer",
                "Name": "Category",
                "Value": "PERSON",
              },
              {
                "GroupType": "BillingCustomer",
                "Name": "FirstName",
                "Value": "John",
              },
              {
                "GroupType": "BillingCustomer",
                "Name": "LastName",
                "Value": "Doe",
              },
              {
                "GroupType": "BillingCustomer",
                "Name": "CustomerNumber",
                "Value": "64752550bf1f40",
              },
              {
                "GroupType": "BillingCustomer",
                "Name": "Street",
                "Value": "Hoftstraat",
              },
              {
                "GroupType": "BillingCustomer",
                "Name": "StreetNumber",
                "Value": "123",
              },
              {
                "GroupType": "BillingCustomer",
                "Name": "StreetNumberAdditional",
                "Value": "A",
              },
              {
                "GroupType": "BillingCustomer",
                "Name": "PostalCode",
                "Value": "1015CJ",
              },
              {
                "GroupType": "BillingCustomer",
                "Name": "City",
                "Value": "Amsterdam",
              },
              {
                "GroupType": "BillingCustomer",
                "Name": "Country",
                "Value": "NL",
              },
              {
                "GroupType": "BillingCustomer",
                "Name": "Email",
                "Value": "test@buckaroo.nl",
              },
              {
                "GroupType": "BillingCustomer",
                "Name": "Phone",
                "Value": "0201234567",
              },
              {
                "GroupType": "BillingCustomer",
                "Name": "MobilePhone",
                "Value": "0612345678",
              },
              {
                "GroupID": 1,
                "GroupType": "Article",
                "Name": "Identifier",
                "Value": "ABC123",
              },
              {
                "GroupID": 1,
                "GroupType": "Article",
                "Name": "GrossUnitPrice",
                "Value": 40.1,
              },
              {
                "GroupID": 1,
                "GroupType": "Article",
                "Name": "Quantity",
                "Value": 2,
              },
              {
                "GroupID": 1,
                "GroupType": "Article",
                "Name": "VatPercentage",
                "Value": 21,
              },
              {
                "GroupID": 1,
                "GroupType": "Article",
                "Name": "Description",
                "Value": "Test Product",
              },
              {
                "GroupID": 2,
                "GroupType": "Article",
                "Name": "Identifier",
                "Value": "DEF456",
              },
              {
                "GroupID": 2,
                "GroupType": "Article",
                "Name": "GrossUnitPrice",
                "Value": 20.1,
              },
              {
                "GroupID": 2,
                "GroupType": "Article",
                "Name": "Quantity",
                "Value": 1,
              },
              {
                "GroupID": 2,
                "GroupType": "Article",
                "Name": "VatPercentage",
                "Value": 21,
              },
              {
                "GroupID": 2,
                "GroupType": "Article",
                "Name": "Description",
                "Value": "Second Product",
              },
            ],
            "Version": 1,
          },
        ],
      },
      "ServicesSelectableByClient": "",
    },
    "method": "POST",
    "path": "/json/Transaction",
  },
]
`;
