// Jest Snapshot v1, https://goo.gl/fbAQLP

exports[`SurePay methods Verify 1`] = `
[
  {
    "channel": "Web",
    "data": {
      "AmountDebit": 100.3,
      "Currency": "",
      "PushURL": "https://example.com/push",
      "ReturnURL": "https://example.com/return",
      "Services": {
        "ServiceList": [
          {
            "Action": "Verify",
            "Name": "surepay",
            "Parameters": [
              {
                "Name": "Customeraccountname",
                "Value": "Test Acceptatie",
              },
              {
                "Name": "Iban",
                "Value": "NLXXTESTXXXXXXXXXX",
              },
            ],
            "Version": 0,
          },
        ],
      },
      "ServicesSelectableByClient": "",
    },
    "method": "POST",
    "path": "/json/DataRequest",
  },
]
`;
